Forked child 0
+DT:sha256:15:16
Forked child 1
+DT:sha256:15:16
Forked child 2
+DT:sha256:15:16
+DT:sha256:15:16
+R:47118602:sha256:15.000000
+DT:sha256:15:64
+R:48373056:sha256:15.000000
+DT:sha256:15:64
+R:49285353:sha256:15.000000
+DT:sha256:15:64
+R:49232318:sha256:15.000000
+DT:sha256:15:64
+R:45381529:sha256:15.000000
+DT:sha256:15:256
+R:44947058:sha256:15.000000
+DT:sha256:15:256
+R:45432183:sha256:15.000000
+DT:sha256:15:256
+R:45132584:sha256:15.000000
+DT:sha256:15:256
+R:32850482:sha256:15.000000
+DT:sha256:15:1024
+R:32658200:sha256:15.000000
+DT:sha256:15:1024
+R:32902969:sha256:15.000000
+DT:sha256:15:1024
+R:32716664:sha256:15.000000
+DT:sha256:15:1024
+R:15619507:sha256:15.000000
+DT:sha256:15:8192
+R:15546051:sha256:15.000000
+DT:sha256:15:8192
+R:15646028:sha256:15.000000
+DT:sha256:15:8192
+R:15593608:sha256:15.000000
+DT:sha256:15:8192
+R:2662017:sha256:15.000000
+DT:sha256:15:16384
+R:2661368:sha256:15.000000
+DT:sha256:15:16384
+R:2664189:sha256:15.000000
+DT:sha256:15:16384
+R:2661121:sha256:15.000000
+DT:sha256:15:16384
+R:1366415:sha256:15.000000
+R:1366337:sha256:15.000000
+R:1367478:sha256:15.000000
+R:1366259:sha256:15.000000
Forked child 3
Got: +H:16:64:256:1024:8192:16384 from 0
Got: +F:6:sha256:50259842.13:193627857.07:560648226.13:1066291677.87:1453816217.60:1492489557.33 from 0
Got: +H:16:64:256:1024:8192:16384 from 1
Got: +F:6:sha256:51597926.40:191774114.13:557366613.33:1061277081.60:1453461777.07:1492404360.53 from 1
Got: +H:16:64:256:1024:8192:16384 from 2
Got: +F:6:sha256:52571043.20:193843980.80:561544004.27:1068102178.13:1455002419.20:1493650636.80 from 2
Got: +H:16:64:256:1024:8192:16384 from 3
Got: +F:6:sha256:52514472.53:192565691.73:558364398.93:1064523639.47:1453326882.13:1492319163.73 from 3
version: 3.5.6
built on: Wed Jun 10 17:36:10 2026 UTC
options: bn(64,64)
compiler: gcc -fPIC -pthread -Wa,--noexecstack -Wall -fzero-call-used-regs=used-gpr -Wa,--noexecstack -g -O2 -Werror=implicit-function-declaration -ffile-prefix-map=/build/openssl-abkmeq/openssl-3.5.6=. -fstack-protector-strong -fstack-clash-protection -Wformat -Werror=format-security -mbranch-protection=standard -DOPENSSL_USE_NODELETE -DOPENSSL_PIC -DOPENSSL_BUILDING_OPENSSL -DZLIB -DZSTD -DNDEBUG -Wdate-time -D_FORTIFY_SOURCE=2
CPUINFO: OPENSSL_armcap=0xbd
sha256          206943.28k   771811.64k  2237923.24k  4260194.58k  5815607.30k  5970863.72k
