Forked child 0
+DT:sha256:60:16
Forked child 1
+DT:sha256:60:16
Forked child 2
+DT:sha256:60:16
+DT:sha256:60:16
+R:178180735:sha256:60.000000
+DT:sha256:60:64
+R:180764673:sha256:60.000000
+DT:sha256:60:64
+R:180261181:sha256:60.000000
+DT:sha256:60:64
+R:180167948:sha256:60.000000
+DT:sha256:60:64
+R:150245566:sha256:60.000000
+DT:sha256:60:256
+R:151692938:sha256:60.000000
+DT:sha256:60:256
+R:151538152:sha256:60.000000
+DT:sha256:60:256
+R:151674290:sha256:60.010000
+DT:sha256:60:256
+R:112738083:sha256:60.000000
+DT:sha256:60:1024
+R:112107957:sha256:60.000000
+DT:sha256:60:1024
+R:112599418:sha256:60.000000
+DT:sha256:60:1024
+R:112228180:sha256:60.000000
+DT:sha256:60:1024
+R:54187407:sha256:60.000000
+DT:sha256:60:8192
+R:53937125:sha256:60.000000
+DT:sha256:60:8192
+R:54241255:sha256:60.000000
+DT:sha256:60:8192
+R:54272982:sha256:60.000000
+DT:sha256:60:8192
+R:9318794:sha256:60.000000
+DT:sha256:60:16384
+R:9301915:sha256:60.000000
+DT:sha256:60:16384
+R:9395311:sha256:60.000000
+DT:sha256:60:16384
+R:9365282:sha256:60.000000
+DT:sha256:60:16384
+R:4825527:sha256:60.000000
+R:4769967:sha256:60.000000
+R:4802309:sha256:60.000000
+R:4810122:sha256:60.000000
Forked child 3
Got: +H:16:64:256:1024:8192:16384 from 0
Got: +F:6:sha256:47514862.67:160261937.07:481015820.80:924798412.80:1272326007.47:1317690572.80 from 0
Got: +H:16:64:256:1024:8192:16384 from 1
Got: +F:6:sha256:48203912.80:161805800.53:478327283.20:920526933.33:1270021461.33:1302518988.80 from 1
Got: +H:16:64:256:1024:8192:16384 from 2
Got: +F:6:sha256:48069648.27:161640695.47:480424183.47:925717418.67:1282773128.53:1311350510.93 from 2
Got: +H:16:64:256:1024:8192:16384 from 3
Got: +F:6:sha256:48044786.13:161758949.51:478840234.67:926258892.80:1278673169.07:1313483980.80 from 3
version: 3.5.6
built on: Wed Jun 10 17:36:10 2026 UTC
options: bn(64,64)
compiler: gcc -fPIC -pthread -Wa,--noexecstack -Wall -fzero-call-used-regs=used-gpr -Wa,--noexecstack -g -O2 -Werror=implicit-function-declaration -ffile-prefix-map=/build/openssl-abkmeq/openssl-3.5.6=. -fstack-protector-strong -fstack-clash-protection -Wformat -Werror=format-security -mbranch-protection=standard -DOPENSSL_USE_NODELETE -DOPENSSL_PIC -DOPENSSL_BUILDING_OPENSSL -DZLIB -DZSTD -DNDEBUG -Wdate-time -D_FORTIFY_SOURCE=2
CPUINFO: OPENSSL_armcap=0xbd
sha256          191833.21k   645467.38k  1918607.52k  3697301.66k  5103793.77k  5245044.05k
