t=1786330664.375394607
selected: V3D 7.1.10.2
grid=256^2  steps=4000  time=2.060s  2.80 GFLOP/s
correct(NMSE vs CPU)=yes  NMSE=1.26e-09
mass: rain_injected=5242879.9  water_total=5242739.3  (conserved vs rain=yes)
pooling: max depth=111.718 at (127,127)  basin_centre=(128,128)  (pools in basin=yes)
dumped /tmp/flood_depth.txt (16x16 depth grid)
t=1786330701.667553049
selected: V3D 7.1.10.2
grid=256^2  steps=4000  time=2.057s  2.80 GFLOP/s
correct(NMSE vs CPU)=yes  NMSE=1.26e-09
mass: rain_injected=5242879.9  water_total=5242739.3  (conserved vs rain=yes)
pooling: max depth=111.718 at (127,127)  basin_centre=(128,128)  (pools in basin=yes)
dumped /tmp/flood_depth.txt (16x16 depth grid)
t=1786330738.759147760
selected: V3D 7.1.10.2
grid=256^2  steps=4000  time=2.118s  2.72 GFLOP/s
correct(NMSE vs CPU)=yes  NMSE=1.26e-09
mass: rain_injected=5242879.9  water_total=5242739.3  (conserved vs rain=yes)
pooling: max depth=111.718 at (127,127)  basin_centre=(128,128)  (pools in basin=yes)
dumped /tmp/flood_depth.txt (16x16 depth grid)
