t=1786330134.396675973
selected: V3D 7.1.10.2
grid=256^2  steps=4000  time=1.880s  3.07 GFLOP/s
correct(NMSE vs CPU)=yes  NMSE=1.26e-09
mass: rain_injected=5242879.9  water_total=5242739.3  (conserved vs rain=yes)
pooling: max depth=111.718 at (127,127)  basin_centre=(128,128)  (pools in basin=yes)
dumped /tmp/flood_depth.txt (16x16 depth grid)
t=1786330169.315093843
selected: V3D 7.1.10.2
grid=256^2  steps=4000  time=1.881s  3.07 GFLOP/s
correct(NMSE vs CPU)=yes  NMSE=1.26e-09
mass: rain_injected=5242879.9  water_total=5242739.3  (conserved vs rain=yes)
pooling: max depth=111.718 at (127,127)  basin_centre=(128,128)  (pools in basin=yes)
dumped /tmp/flood_depth.txt (16x16 depth grid)
t=1786330204.224317878
selected: V3D 7.1.10.2
grid=256^2  steps=4000  time=1.881s  3.07 GFLOP/s
correct(NMSE vs CPU)=yes  NMSE=1.26e-09
mass: rain_injected=5242879.9  water_total=5242739.3  (conserved vs rain=yes)
pooling: max depth=111.718 at (127,127)  basin_centre=(128,128)  (pools in basin=yes)
dumped /tmp/flood_depth.txt (16x16 depth grid)
