Forked child 0
+DT:sha256:45:16
Forked child 1
+DT:sha256:45:16
Forked child 2
+DT:sha256:45:16
+DT:sha256:45:16
+R:118241215:sha256:45.000000
+DT:sha256:45:64
+R:121743881:sha256:45.000000
+DT:sha256:45:64
+R:121608060:sha256:45.000000
+DT:sha256:45:64
+R:119026698:sha256:45.000000
+DT:sha256:45:64
+R:108328124:sha256:45.000000
+DT:sha256:45:256
+R:110845980:sha256:45.000000
+DT:sha256:45:256
+R:110305070:sha256:45.000000
+DT:sha256:45:256
+R:110576978:sha256:45.000000
+DT:sha256:45:256
+R:80151795:sha256:45.000000
+DT:sha256:45:1024
+R:79385055:sha256:45.000000
+DT:sha256:45:1024
+R:81739657:sha256:45.000000
+DT:sha256:45:1024
+R:78891625:sha256:45.000000
+DT:sha256:45:1024
+R:46772552:sha256:45.000000
+DT:sha256:45:8192
+R:46816836:sha256:45.000000
+DT:sha256:45:8192
+R:46620933:sha256:45.000000
+DT:sha256:45:8192
+R:46769607:sha256:45.000000
+DT:sha256:45:8192
+R:7983009:sha256:45.000000
+DT:sha256:45:16384
+R:7979251:sha256:45.000000
+DT:sha256:45:16384
+R:7971368:sha256:45.000000
+DT:sha256:45:16384
+R:7978697:sha256:45.000000
+DT:sha256:45:16384
+R:4098153:sha256:45.000000
+R:4094578:sha256:45.000000
+R:4094131:sha256:45.000000
+R:4096250:sha256:45.000000
Forked child 3
Got: +H:16:64:256:1024:8192:16384 from 0
Got: +F:6:sha256:42320603.73:157265035.38:448805688.89:1064268390.40:1452477462.76:1491399111.11 from 0
Got: +H:16:64:256:1024:8192:16384 from 1
Got: +F:6:sha256:42041320.89:154066665.24:455974656.00:1064335405.51:1453262438.40:1492091972.27 from 1
Got: +H:16:64:256:1024:8192:16384 from 2
Got: +F:6:sha256:43238421.33:156878321.78:465007826.49:1060885230.93:1451143259.02:1490627606.76 from 2
Got: +H:16:64:256:1024:8192:16384 from 3
Got: +F:6:sha256:43286713.24:157647616.00:451612757.33:1065343112.53:1452578315.38:1490790354.49 from 3
version: 3.5.6
built on: Wed Jun 10 17:36:10 2026 UTC
options: bn(64,64)
compiler: gcc -fPIC -pthread -Wa,--noexecstack -Wall -fzero-call-used-regs=used-gpr -Wa,--noexecstack -g -O2 -Werror=implicit-function-declaration -ffile-prefix-map=/build/openssl-abkmeq/openssl-3.5.6=. -fstack-protector-strong -fstack-clash-protection -Wformat -Werror=format-security -mbranch-protection=standard -DOPENSSL_USE_NODELETE -DOPENSSL_PIC -DOPENSSL_BUILDING_OPENSSL -DZLIB -DZSTD -DNDEBUG -Wdate-time -D_FORTIFY_SOURCE=2
CPUINFO: OPENSSL_armcap=0xbd
sha256          170887.06k   625857.64k  1821400.93k  4254832.14k  5809461.48k  5964909.04k
