Forked child 0
+DT:sha256:20:16
Forked child 1
+DT:sha256:20:16
Forked child 2
+DT:sha256:20:16
+DT:sha256:20:16
+R:65536612:sha256:20.000000
+DT:sha256:20:64
+R:65629892:sha256:20.000000
+DT:sha256:20:64
+R:65654185:sha256:20.000000
+DT:sha256:20:64
+R:64900905:sha256:20.000000
+DT:sha256:20:64
+R:60265467:sha256:20.000000
+DT:sha256:20:256
+R:60365911:sha256:20.000000
+DT:sha256:20:256
+R:60349641:sha256:20.000000
+DT:sha256:20:256
+R:60386462:sha256:20.000000
+DT:sha256:20:256
+R:43674623:sha256:20.000000
+DT:sha256:20:1024
+R:43764762:sha256:20.000000
+DT:sha256:20:1024
+R:43741396:sha256:20.000000
+DT:sha256:20:1024
+R:43755255:sha256:20.000000
+DT:sha256:20:1024
+R:20801681:sha256:20.000000
+DT:sha256:20:8192
+R:20824038:sha256:20.000000
+DT:sha256:20:8192
+R:20809638:sha256:20.000000
+DT:sha256:20:8192
+R:20818926:sha256:20.000000
+DT:sha256:20:8192
+R:3546156:sha256:20.000000
+DT:sha256:20:16384
+R:3548196:sha256:20.000000
+DT:sha256:20:16384
+R:3546615:sha256:20.000000
+DT:sha256:20:16384
+R:3548939:sha256:20.000000
+DT:sha256:20:16384
+R:1820446:sha256:20.000000
+R:1821206:sha256:20.000000
+R:1820355:sha256:20.000000
+R:1821946:sha256:20.000000
Forked child 3
Got: +H:16:64:256:1024:8192:16384 from 0
Got: +F:6:sha256:52429289.60:192849494.40:559035174.40:1065046067.20:1452505497.60:1491309363.20 from 0
Got: +H:16:64:256:1024:8192:16384 from 1
Got: +F:6:sha256:52503913.60:193170915.20:560188953.60:1066190745.60:1453341081.60:1491931955.20 from 1
Got: +H:16:64:256:1024:8192:16384 from 2
Got: +F:6:sha256:52523348.00:193118851.20:559889868.80:1065453465.60:1452693504.00:1491234816.00 from 2
Got: +H:16:64:256:1024:8192:16384 from 3
Got: +F:6:sha256:51920724.00:193236678.40:560067264.00:1065929011.20:1453645414.40:1492538163.20 from 3
version: 3.5.6
built on: Wed Jun 10 17:36:10 2026 UTC
options: bn(64,64)
compiler: gcc -fPIC -pthread -Wa,--noexecstack -Wall -fzero-call-used-regs=used-gpr -Wa,--noexecstack -g -O2 -Werror=implicit-function-declaration -ffile-prefix-map=/build/openssl-abkmeq/openssl-3.5.6=. -fstack-protector-strong -fstack-clash-protection -Wformat -Werror=format-security -mbranch-protection=standard -DOPENSSL_USE_NODELETE -DOPENSSL_PIC -DOPENSSL_BUILDING_OPENSSL -DZLIB -DZSTD -DNDEBUG -Wdate-time -D_FORTIFY_SOURCE=2
CPUINFO: OPENSSL_armcap=0xbd
sha256          209377.28k   772375.94k  2239181.26k  4262619.29k  5812185.50k  5967014.30k
